Loading required package: iterators
Loading required package: codetools
foreach: simple, scalable parallel programming from REvolution Computing
Use REvolution R for scalability, fault tolerance and more.
http://www.revolution-computing.com
** Using SMP backend
Loading required package: revoIPC
Starting test at Fri Sep 11 17:36:00 2009 
doPar backend name: doSMP, version: 1.0
Running with 3 worker(s)

Running test file: foreachTest.R 


Executing test function test01  ...  done successfully.



Executing test function test02  ...  done successfully.



Executing test function test03  ...  done successfully.


Running test file: errorTest.R 


Executing test function test01  ... Error in if (i == 2) stop("error") else i : task 2 failed - "error"
Error in if (i == 2) stop("error") else i : task 2 failed - "error"
 done successfully.



Executing test function test02  ...  done successfully.



Executing test function test03  ...  done successfully.



Executing test function test04  ...  done successfully.


Running test file: combineTest.R 


Executing test function test01  ...  done successfully.



Executing test function test02  ...  done successfully.



Executing test function test03  ...  done successfully.


Running test file: iteratorTest.R 


Executing test function test01  ...  done successfully.



Executing test function test02  ...  done successfully.



Executing test function test03  ...  done successfully.



Executing test function test04  ...  done successfully.


Running test file: loadFactorTest.R 


Executing test function test01  ...  done successfully.


Running test file: nestedTest.R 


Executing test function test01  ...  done successfully.



Executing test function test02  ...  done successfully.



Executing test function test03  ...  done successfully.



Executing test function test04  ...  done successfully.


Running test file: packagesTest.R 


Executing test function test01  ...  done successfully.


Running test file: mergeTest.R 


Executing test function test01  ...  done successfully.



Executing test function test02  ...  done successfully.


Running test file: whenTest.R 


Executing test function test01  ...  done successfully.



Executing test function test02  ...  done successfully.


Running test file: stressTest.R 


Executing test function test01  ...  done successfully.

*** Ran all tests successfully ***
Finished test at Fri Sep 11 17:36:28 2009 
shutting down SMP workers...
shutdown complete
